<html>
<body>
<pre>
<h1>µVision Build Log</h1>
<h2>Tool Versions:</h2>
IDE-Version: µVision V5.12.0.0
Copyright (C) 2014 ARM Ltd and ARM Germany GmbH. All rights reserved.
License Information: danh nguyen, UIT, LIC=----
 
Tool Versions:
Toolchain:       MDK-ARM Standard  Version: 5.12.0.0
Toolchain Path:  C:\Keil_v5\ARM\ARMCC\Bin
C Compiler:      Armcc.exe V5.05 (build 41)
Assembler:       Armasm.exe V5.05 (build 41)
Linker/Locator:  ArmLink.exe V5.05 (build 41)
Library Manager: ArmAr.exe V5.05 (build 41)
Hex Converter:   FromElf.exe V5.05 (build 41)
CPU DLL:         SARMCM3.DLL V5.12.0.0
Dialog DLL:      DCM.DLL V1.13.0.0
    Target DLL: STLink\ST-LINKIII-KEIL_SWO.dll
Dialog DLL:      TCM.DLL V1.14.2.0
 
<h2>Project:</h2>
C:\Users\DanhNguyen\Documents\LapTrinhNhungCanBan\UART\uart.uvprojx
Project File Date:  11/06/2019

<h2>Output:</h2>
Rebuild target 'Target 1'
compiling system_stm32f4xx.c...
assembling startup_stm32f429_439xx.s...
compiling stm32f4xx_dma.c...
compiling stm32f4xx_dma2d.c...
compiling stm32f4xx_exti.c...
compiling stm32f4xx_fmc.c...
compiling stm32f4xx_gpio.c...
compiling stm32f4xx_i2c.c...
compiling stm32f4xx_ltdc.c...
compiling stm32f4xx_rcc.c...
compiling stm32f4xx_spi.c...
compiling stm32f4xx_syscfg.c...
compiling stm32f4xx_usart.c...
compiling misc.c...
compiling main.c...
compiling stm32f429i_discovery.c...
compiling stm32f429i_discovery_i2c_ee.c...
compiling stm32f429i_discovery_ioe.c...
compiling stm32f429i_discovery_l3gd20.c...
compiling stm32f429i_discovery_lcd.c...
compiling stm32f429i_discovery_sdram.c...
linking...
Program Size: Code=24368 RO-data=11192 RW-data=120 ZI-data=1696  
FromELF: creating hex file...
".\Build\uart.axf" - 0 Error(s), 0 Warning(s).

<h2>Collection of Component include folders:</h2>
  C:\Users\DanhNguyen\Documents\LapTrinhNhungCanBan\UART\RTE
  C:\Keil_v5\ARM\PACK\Keil\STM32F4xx_DFP\2.3.0\Drivers\CMSIS\Device\ST\STM32F4xx\Include

<h2>Collection of Component Files used:</h2>
Load "C:\\Users\\DanhNguyen\\Documents\\LapTrinhNhungCanBan\\UART\\Build\\uart.axf" 
Erase Done.
Programming Done.
Verify OK.
Application running ...
Load "C:\\Users\\DanhNguyen\\Documents\\LapTrinhNhungCanBan\\UART\\Build\\uart.axf" 
Erase Done.
Programming Done.
Verify OK.
Application running ...
</pre>
</body>
</html>
