<html>
<body>
<pre>
<h1>µVision Build Log</h1>
<h2>Tool Versions:</h2>
IDE-Version: µVision V5.12.0.0
Copyright (C) 2014 ARM Ltd and ARM Germany GmbH. All rights reserved.
License Information: danh nguyen, UIT, LIC=MPPFW-QM0AJ-KNPAC-77WFZ-HLE26-LWCQB
 
Tool Versions:
Toolchain:       MDK-ARM Standard  Version: 5.12.0.0
Toolchain Path:  C:\Keil_v5\ARM\ARMCC\Bin
C Compiler:      Armcc.exe V5.05 (build 41)
Assembler:       Armasm.exe V5.05 (build 41)
Linker/Locator:  ArmLink.exe V5.05 (build 41)
Library Manager: ArmAr.exe V5.05 (build 41)
Hex Converter:   FromElf.exe V5.05 (build 41)
CPU DLL:         SARMCM3.DLL V5.12.0.0
Dialog DLL:      DCM.DLL V1.13.0.0
    Target DLL: STLink\ST-LINKIII-KEIL_SWO.dll
Dialog DLL:      TCM.DLL V1.14.2.0
 
<h2>Project:</h2>
C:\Users\DanhNguyen\Documents\LapTrinhNhungCanBan\TaiLieuUART\stm32f429i_uart_interrupt\stm32f429i_uart_interrupt\uart.uvproj
Project File Date:  12/26/2019

<h2>Output:</h2>
Build target 'UART'
compiling main.c...
linking...
Program Size: Code=13908 RO-data=1224 RW-data=60 ZI-data=2172  
FromELF: creating hex file...
".\Build\uart.axf" - 0 Error(s), 0 Warning(s).
-data=1224 RW-data=60 ZI-data=2172  
FromELF: creating hex file...
".\Build\uart.axf" - 0 Error(s), 1 Warning(s).
t.axf" - 2 Error(s), 1 Warning(s).
Target not created.
 stm32f4xx_spi.c...
compiling stm32f4xx_syscfg.c...
compiling stm32f4xx_usart.c...
compiling stm32f4xx_tim.c...
compiling main.c...
compiling lcd.c...
compiling queue.c...
compiling uart.c...
compiling io.c...
compiling timer.c...
compiling spi.c...
compiling exti.c...
compiling stm32f429i_discovery.c...
compiling stm32f429i_discovery_lcd.c...
compiling stm32f429i_discovery_sdram.c...
linking...
Program Size: Code=13724 RO-data=1140 RW-data=60 ZI-data=2172  
FromELF: creating hex file...
".\Build\uart.axf" - 0 Error(s), 0 Warning(s).
4 RO-data=1140 RW-data=60 ZI-data=2172  
FromELF: creating hex file...
".\Build\uart.axf" - 0 Error(s), 1 Warning(s).
